Microchip MPLAB XC8 Compiler V3.10

Linker command line:

-W-3 --edf=/opt/microchip/xc8/v3.10/pic/dat/20250813170317_en.msgs -cn \
  -h+dist/default/debug/edafru_v1.X.debug.sym \
  --cmf=dist/default/debug/edafru_v1.X.debug.cmf -z -Q18F25K80 \
  -o/tmp/xcXfjnMNp/driver_tmp_3.o --defsym=__MPLAB_BUILD=1 \
  --fixupoverflow=error -Mdist/default/debug/edafru_v1.X.debug.map \
  --md=/tmp/xcXfjnMNp/driver_tmp_0.dat -E1 -ver=XC8 Compiler \
  -ACODE=00h-07FFFh -ACONST=00h-07FFFh -ASMALLCONST=01000h-010FFhx112 \
  -AMEDIUMCONST=01000h-07FFFh -ACOMRAM=01h-05Fh -AABS1=00h-0E40h \
  -ABIGRAM=01h-0E40h -ARAM=060h-0FFh,0100h-01FFhx13,0E00h-0E40h \
  -ABANK0=060h-0FFh -ABANK1=0100h-01FFh -ABANK2=0200h-02FFh \
  -ABANK3=0300h-03FFh -ABANK4=0400h-04FFh -ABANK5=0500h-05FFh \
  -ABANK6=0600h-06FFh -ABANK7=0700h-07FFh -ABANK8=0800h-08FFh \
  -ABANK9=0900h-09FFh -ABANK10=0A00h-0AFFh -ABANK11=0B00h-0BFFh \
  -ABANK12=0C00h-0CFFh -ABANK13=0D00h-0DFFh -ABANK14=0E00h-0E40h \
  -ASFR=0E41h-0EFFh,0F00h-0F5Fh,0F60h-0FFCh -ABIGSFR=0E41h-0FFCh \
  -ACONFIG=0300000h-030000Dh -AIDLOC=0200000h-0200007h \
  -AEEDATA=0F00000h-0F003FFh -peeprom_data=EEDATA \
  -preset_vec=00h,intcode=8h,intcodelo=18h,sivt_lo,sivt_hi=CODE \
  -ppowerup=CODE,init -pramtop=01000h -psmallconst=SMALLCONST \
  -pmediumconst=MEDIUMCONST -pconst=CONST -AFARRAM=00h-00h \
  -prdata=COMRAM,nvrram=COMRAM,nvbit=COMRAM,rbss=COMRAM,rbit=COMRAM \
  -pfarbss=FARRAM,fardata=FARRAM,nvFARRAM=FARRAM \
  -pintsave_regs=BIGRAM,bigbss=BIGRAM,bigdata=BIGRAM -pbss=RAM \
  -pidata=CODE,irdata=CODE,ibigdata=CODE,ifardata=CODE -prparam=COMRAM \
  /tmp/xcXfjnMNp/driver_tmp_9.o dist/default/debug/edafru_v1.X.debug.o 

Object code version is 3.11

Machine type is 18F25K80



                Name                               Link     Load   Length Selector   Space Scale
/tmp/xcXfjnMNp/driver_tmp_9.o
                config                           300000   300000        E        0       4
                init                                124      124        4        4       0
                reset_vec                             0        0        6        0       0
dist/default/debug/edafru_v1.X.debug.o
                intcode                               8        8      11C        4       0
                config                           300000   300000        E        0       4
                smallconst                         1000     1000       14      800       0
                text41                             18C2     18C2        2      80A       0
                text40                             17E4     17E4       1C      80A       0
                text39                             175A     175A       24      80A       0
                text38                             18B4     18B4        6      80A       0
                text37                             18C0     18C0        2      80A       0
                text36                             18AE     18AE        6      80A       0
                text35                             1398     1398       AA      80A       0
                text34                             1636     1636       3A      80A       0
                text33                             1014     1014      18A      80A       0
                text32                             154A     154A       5A      80A       0
                text31                             15F6     15F6       40      80A       0
                text30                             16DA     16DA       30      80A       0
                text29                             119E     119E      148      80A       0
                text28                             12E6     12E6       B2      80A       0
                text27                             18A8     18A8        6      80A       0
                text26                             18BE     18BE        2      80A       0
                text25                             15A4     15A4       52      80A       0
                text24                             16A8     16A8       32      80A       0
                text22                             1826     1826       10      80A       0
                text21                             188A     188A        A      80A       0
                text20                             1442     1442       98      80A       0
                text19                             1894     1894        8      80A       0
                text18                             1880     1880        A      80A       0
                text17                             1876     1876        A      80A       0
                text16                             186C     186C        A      80A       0
                text15                             1862     1862        A      80A       0
                text14                             1858     1858        A      80A       0
                text13                             14DA     14DA       70      80A       0
                text12                             18BA     18BA        4      80A       0
                text11                             184E     184E        A      80A       0
                text10                             1816     1816       10      80A       0
                text9                              18A2     18A2        6      80A       0
                text8                              189C     189C        6      80A       0
                text7                              17C2     17C2       22      80A       0
                text6                              1800     1800       16      80A       0
                text5                              1842     1842        C      80A       0
                text4                              17A0     17A0       22      80A       0
                text3                              177E     177E       22      80A       0
                text2                              1734     1734       26      80A       0
                text1                              170A     170A       2A      80A       0
                text0                              1836     1836        C      80A       0
                cstackCOMRAM                         3E       3E       18        2       1
                cstackBANK0                          82       82        6       60       1
                bssBANK0                             60       60       18       60       1
                dataCOMRAM                           58       58        1        2       1
                bssCOMRAM                             2        2       3C        2       1
                cinit                              1670     1670       38      80A       0
                nvBANK0                              78       78        A       60       1
                nvCOMRAM                             56       56        2        2       1
                idataCOMRAM                        18C4     18C4        1      80A       0

TOTAL           Name                               Link     Load   Length     Space
        CLASS   CODE           
                intcode                               8        8      11C         0
                init                                124      124        4         0
                reset_vec                             0        0        6         0
                text41                             18C2     18C2        2         0
                text40                             17E4     17E4       1C         0
                text39                             175A     175A       24         0
                text38                             18B4     18B4        6         0
                text37                             18C0     18C0        2         0
                text36                             18AE     18AE        6         0
                text35                             1398     1398       AA         0
                text34                             1636     1636       3A         0
                text33                             1014     1014      18A         0
                text32                             154A     154A       5A         0
                text31                             15F6     15F6       40         0
                text30                             16DA     16DA       30         0
                text29                             119E     119E      148         0
                text28                             12E6     12E6       B2         0
                text27                             18A8     18A8        6         0
                text26                             18BE     18BE        2         0
                text25                             15A4     15A4       52         0
                text24                             16A8     16A8       32         0
                text22                             1826     1826       10         0
                text21                             188A     188A        A         0
                text20                             1442     1442       98         0
                text19                             1894     1894        8         0
                text18                             1880     1880        A         0
                text17                             1876     1876        A         0
                text16                             186C     186C        A         0
                text15                             1862     1862        A         0
                text14                             1858     1858        A         0
                text13                             14DA     14DA       70         0
                text12                             18BA     18BA        4         0
                text11                             184E     184E        A         0
                text10                             1816     1816       10         0
                text9                              18A2     18A2        6         0
                text8                              189C     189C        6         0
                text7                              17C2     17C2       22         0
                text6                              1800     1800       16         0
                text5                              1842     1842        C         0
                text4                              17A0     17A0       22         0
                text3                              177E     177E       22         0
                text2                              1734     1734       26         0
                text1                              170A     170A       2A         0
                text0                              1836     1836        C         0
                cinit                              1670     1670       38         0
                idataCOMRAM                        18C4     18C4        1         0

        CLASS   CONST          

        CLASS   SMALLCONST     
                smallconst                         1000     1000       14         0

        CLASS   MEDIUMCONST    

        CLASS   COMRAM         
                cstackCOMRAM                         3E       3E       18         1
                dataCOMRAM                           58       58        1         1
                bssCOMRAM                             2        2       3C         1
                nvCOMRAM                             56       56        2         1

        CLASS   ABS1           
                abs_s1                                1        1        1         1

        CLASS   BIGRAM         

        CLASS   RAM            

        CLASS   BANK0          
                cstackBANK0                          82       82        6         1
                bssBANK0                             60       60       18         1
                nvBANK0                              78       78        A         1

        CLASS   BANK1          

        CLASS   BANK2          

        CLASS   BANK3          

        CLASS   BANK4          

        CLASS   BANK5          

        CLASS   BANK6          

        CLASS   BANK7          

        CLASS   BANK8          

        CLASS   BANK9          

        CLASS   BANK10         

        CLASS   BANK11         

        CLASS   BANK12         

        CLASS   BANK13         

        CLASS   BANK14         

        CLASS   SFR            

        CLASS   BIGSFR         

        CLASS   CONFIG         
                config                           300000   300000        E         4

        CLASS   IDLOC          

        CLASS   EEDATA         

        CLASS   FARRAM         

        CLASS   HEAP           

        CLASS   STACK          



SEGMENTS        Name                           Load    Length   Top    Selector   Space  Class

                text33                         001014  0008B1  0018C5       80A       0  CODE    
                smallconst                     001000  000014  001014       800       0  SMALLCON
                reset_vec                      000000  000006  000006         0       0  CODE    
                intcode                        000008  000120  000128         4       0  CODE    
                bssBANK0                       000060  000028  000088        60       1  BANK0   
                bssCOMRAM                      000002  000057  000059         2       1  COMRAM  


UNUSED ADDRESS RANGES

        Name                Unused          Largest block    Delta
        BANK0            000088-0000FF               78
        BANK1            000100-0001FF              100
        BANK10           000A00-000AFF              100
        BANK11           000B00-000BFF              100
        BANK12           000C00-000CFF              100
        BANK13           000D00-000DFF              100
        BANK14           000E00-000E40               41
        BANK2            000200-0002FF              100
        BANK3            000300-0003FF              100
        BANK4            000400-0004FF              100
        BANK5            000500-0005FF              100
        BANK6            000600-0006FF              100
        BANK7            000700-0007FF              100
        BANK8            000800-0008FF              100
        BANK9            000900-0009FF              100
        BIGRAM           000059-00005F                7
                         000088-000E40              DB9
        BIGSFR           000E41-000FFC              1BC
        CODE             000006-000007                2
                         000128-000FFF              ED8
                         0018C5-007FFF             673B
        COMRAM           000059-00005F                7
        CONST            000006-000007                2
                         000128-000FFF              ED8
                         0018C5-007FFF             673B
        EEDATA           F00000-F003FF              400
        IDLOC            200000-200007                8
        MEDIUMCONST      0018C5-007FFF             673B
        RAM              000088-000E40              100
        SFR              000E41-000FFC               BF
        SMALLCONST       0018C5-007FFF              100

                                  Symbol Table

ECAN_SetWakeUpInterruptHandler@handler          cstackBANK0  000082
EUSART1_SetErrorHandler@interruptHandler        cstackBANK0  000082
EUSART1_SetFramingErrorHandler@interruptHandler cstackBANK0  000082
EUSART1_SetOverrunErrorHandler@interruptHandler cstackBANK0  000082
EUSART1_SetRxInterruptHandler@interruptHandler  cstackBANK0  000082
EUSART1_SetTxInterruptHandler@interruptHandler  cstackBANK0  000082
LIN_calcParity@CMD                              cstackCOMRAM 00003F
LIN_calcParity@PID                              cstackCOMRAM 000040
LIN_getChecksum@checksum                        cstackCOMRAM 000042
LIN_getChecksum@data                            cstackCOMRAM 00003E
LIN_getChecksum@i                               cstackCOMRAM 000041
LIN_getChecksum@length                          cstackCOMRAM 000040
LIN_handler@LIN_state                           bssCOMRAM    00001C
LIN_init@processData                            cstackBANK0  000085
LIN_init@table                                  cstackBANK0  000084
LIN_init@tableLength                            cstackBANK0  000087
LIN_queuePacket@cmd                             cstackCOMRAM 000047
LIN_queuePacket@data                            cstackCOMRAM 000045
LIN_queuePacket@i                               cstackCOMRAM 000048
LIN_queuePacket@tempSchedule                    cstackCOMRAM 000049
LIN_receivePacket@rxIndex                       bssCOMRAM    00001B
LIN_sendPeriodicTx@periodicTx                   cstackCOMRAM 00004B
LIN_sendPeriodicTx@scheduleIndex                bssCOMRAM    00001A
TMR0_SetInterruptHandler@InterruptHandler       cstackBANK0  000082
_ADCON0                                         (abs)        000FC2
_ADCON0bits                                     (abs)        000FC2
_ADCON1                                         (abs)        000FC1
_ADCON2                                         (abs)        000FC0
_ADC_Initialize                                 text22       001826
_ADC_InterruptHandler                           bssCOMRAM    00000E
_ADRESH                                         (abs)        000FC4
_ADRESL                                         (abs)        000FC3
_ANCON0                                         (abs)        000F5D
_ANCON1                                         (abs)        000F5C
_BAUDCON1                                       (abs)        000FA7
_BRGCON1                                        (abs)        000E43
_BRGCON2                                        (abs)        000E44
_BRGCON3                                        (abs)        000E45
_CANCON                                         (abs)        000F6F
_CANSTAT                                        (abs)        000F6E
_CCP1CON                                        (abs)        000FBB
_CCPR1H                                         (abs)        000FBD
_CCPR1L                                         (abs)        000FBC
_CIOCON                                         (abs)        000F70
_COMSTATbits                                    (abs)        000F71
_ECANCON                                        (abs)        000F72
_ECAN_Initialize                                text20       001442
_ECAN_SetWakeUpInterruptHandler                 text21       00188A
_ECAN_WAKI_ISR                                  text40       0017E4
_ECCP1_Initialize                               text19       001894
_EUSART1_DefaultErrorHandler                    text38       0018B4
_EUSART1_DefaultFramingErrorHandler             text37       0018C0
_EUSART1_DefaultOverrunErrorHandler             text36       0018AE
_EUSART1_ErrorHandler                           nvBANK0      000078
_EUSART1_FramingErrorHandler                    nvBANK0      00007C
_EUSART1_Initialize                             text13       0014DA
_EUSART1_OverrunErrorHandler                    nvBANK0      00007A
_EUSART1_Receive_ISR                            text35       001398
_EUSART1_RxDataHandler                          text39       00175A
_EUSART1_RxDefaultInterruptHandler              nvBANK0      00007E
_EUSART1_SetErrorHandler                        text18       001880
_EUSART1_SetFramingErrorHandler                 text17       001876
_EUSART1_SetOverrunErrorHandler                 text16       00186C
_EUSART1_SetRxInterruptHandler                  text15       001862
_EUSART1_SetTxInterruptHandler                  text14       001858
_EUSART1_Transmit_ISR                           text34       001636
_EUSART1_TxDefaultInterruptHandler              nvBANK0      000080
_INTCON2bits                                    (abs)        000FF1
_INTCONbits                                     (abs)        000FF2
_INTERRUPT_Initialize                           text12       0018BA
_INTERRUPT_InterruptManager                     intcode      000008
_LATA                                           (abs)        000F89
_LATB                                           (abs)        000F8A
_LATC                                           (abs)        000F8B
_LFRX_Data                                      bssBANK0     000070
_LIN_Master_Initialize                          text6        001800
_LIN_calcParity                                 text33       001014
_LIN_enablePeriodTx                             bssCOMRAM    00001F
_LIN_getChecksum                                text32       00154A
_LIN_init                                       text7        0017C2
_LIN_packet                                     bssCOMRAM    000031
_LIN_period                                     bssCOMRAM    000021
_LIN_periodCallBack                             bssCOMRAM    00001D
_LIN_processData                                bssCOMRAM    000010
_LIN_queuePacket                                text29       00119E
_LIN_rxPacket                                   bssCOMRAM    000025
_LIN_sendPeriodicTx                             text28       0012E6
_LIN_setTimerHandler                            text10       001816
_LIN_startPeriod                                text9        0018A2
_LIN_stopTimer                                  text8        00189C
_LIN_timeout                                    dataCOMRAM   000058
_LIN_timerCallBack                              bssCOMRAM    00001E
_LIN_timerHandler                               text25       0015A4
_LIN_timerRunning                               bssCOMRAM    000020
_LIN_txReady                                    bssCOMRAM    000024
_OSCCON                                         (abs)        000FD3
_OSCCON2                                        (abs)        000FD2
_OSCILLATOR_Initialize                          text5        001842
_OSCTUNE                                        (abs)        000F9B
_PIE1bits                                       (abs)        000F9D
_PIE5bits                                       (abs)        000F76
_PIN_MANAGER_Initialize                         text4        0017A0
_PIR1bits                                       (abs)        000F9E
_PIR5bits                                       (abs)        000F77
_RCONbits                                       (abs)        000FD0
_RCREG1                                         (abs)        000FAE
_RCSTA1                                         (abs)        000FAB
_RCSTA1bits                                     (abs)        000FAB
_REFOCON                                        (abs)        000F9A
_RSSI_Data                                      bssCOMRAM    00003C
_RXB0CONbits                                    (abs)        000F60
_RXB0D0                                         (abs)        000F66
_RXB0D1                                         (abs)        000F67
_RXB0D2                                         (abs)        000F68
_RXB0D3                                         (abs)        000F69
_RXB0D4                                         (abs)        000F6A
_RXB0D5                                         (abs)        000F6B
_RXB0D6                                         (abs)        000F6C
_RXB0D7                                         (abs)        000F6D
_RXB0DLC                                        (abs)        000F65
_RXB0EIDH                                       (abs)        000F63
_RXB0EIDL                                       (abs)        000F64
_RXB0SIDH                                       (abs)        000F61
_RXB0SIDL                                       (abs)        000F62
_RXB1CONbits                                    (abs)        000F30
_RXB1D0                                         (abs)        000F36
_RXB1D1                                         (abs)        000F37
_RXB1D2                                         (abs)        000F38
_RXB1D3                                         (abs)        000F39
_RXB1D4                                         (abs)        000F3A
_RXB1D5                                         (abs)        000F3B
_RXB1D6                                         (abs)        000F3C
_RXB1D7                                         (abs)        000F3D
_RXB1DLC                                        (abs)        000F35
_RXB1EIDH                                       (abs)        000F33
_RXB1EIDL                                       (abs)        000F34
_RXB1SIDH                                       (abs)        000F31
_RXB1SIDL                                       (abs)        000F32
_RXF0EIDH                                       (abs)        000EE2
_RXF0EIDL                                       (abs)        000EE3
_RXF0SIDH                                       (abs)        000EE0
_RXF0SIDL                                       (abs)        000EE1
_RXF1EIDH                                       (abs)        000EE6
_RXF1EIDL                                       (abs)        000EE7
_RXF1SIDH                                       (abs)        000EE4
_RXF1SIDL                                       (abs)        000EE5
_RXF2EIDH                                       (abs)        000EEA
_RXF2EIDL                                       (abs)        000EEB
_RXF2SIDH                                       (abs)        000EE8
_RXF2SIDL                                       (abs)        000EE9
_RXF3EIDH                                       (abs)        000EEE
_RXF3EIDL                                       (abs)        000EEF
_RXF3SIDH                                       (abs)        000EEC
_RXF3SIDL                                       (abs)        000EED
_RXF4EIDH                                       (abs)        000EF2
_RXF4EIDL                                       (abs)        000EF3
_RXF4SIDH                                       (abs)        000EF0
_RXF4SIDL                                       (abs)        000EF1
_RXF5EIDH                                       (abs)        000EF6
_RXF5EIDL                                       (abs)        000EF7
_RXF5SIDH                                       (abs)        000EF4
_RXF5SIDL                                       (abs)        000EF5
_RXM0EIDH                                       (abs)        000EFA
_RXM0EIDL                                       (abs)        000EFB
_RXM0SIDH                                       (abs)        000EF8
_RXM0SIDL                                       (abs)        000EF9
_RXM1EIDH                                       (abs)        000EFE
_RXM1EIDL                                       (abs)        000EFF
_RXM1SIDH                                       (abs)        000EFC
_RXM1SIDL                                       (abs)        000EFD
_SPBRG1                                         (abs)        000FAF
_SPBRGH1                                        (abs)        000F7D
_SYSTEM_Initialize                              text1        00170A
_T0CON                                          (abs)        000FD5
_T0CONbits                                      (abs)        000FD5
_T1CON                                          (abs)        000FCD
_T1CONbits                                      (abs)        000FCD
_T1GCON                                         (abs)        000FAA
_T1GCONbits                                     (abs)        000FAA
_TMR0H                                          (abs)        000FD7
_TMR0L                                          (abs)        000FD6
_TMR0_DefaultInterruptHandler                   text26       0018BE
_TMR0_ISR                                       text24       0016A8
_TMR0_Initialize                                text3        00177E
_TMR0_InterruptHandler                          nvCOMRAM     000056
_TMR0_SetInterruptHandler                       text11       00184E
_TMR1H                                          (abs)        000FCF
_TMR1L                                          (abs)        000FCE
_TMR1_Initialize                                text2        001734
_TRISA                                          (abs)        000F92
_TRISB                                          (abs)        000F93
_TRISC                                          (abs)        000F94
_TXB0CONbits                                    (abs)        000F20
_TXB0D0                                         (abs)        000F26
_TXB0D1                                         (abs)        000F27
_TXB0D2                                         (abs)        000F28
_TXB0D3                                         (abs)        000F29
_TXB0D4                                         (abs)        000F2A
_TXB0D5                                         (abs)        000F2B
_TXB0D6                                         (abs)        000F2C
_TXB0D7                                         (abs)        000F2D
_TXB0DLC                                        (abs)        000F25
_TXB0EIDH                                       (abs)        000F23
_TXB0EIDL                                       (abs)        000F24
_TXB0SIDH                                       (abs)        000F21
_TXB0SIDL                                       (abs)        000F22
_TXB1CONbits                                    (abs)        000F10
_TXB1D0                                         (abs)        000F16
_TXB1D1                                         (abs)        000F17
_TXB1D2                                         (abs)        000F18
_TXB1D3                                         (abs)        000F19
_TXB1D4                                         (abs)        000F1A
_TXB1D5                                         (abs)        000F1B
_TXB1D6                                         (abs)        000F1C
_TXB1D7                                         (abs)        000F1D
_TXB1DLC                                        (abs)        000F15
_TXB1EIDH                                       (abs)        000F13
_TXB1EIDL                                       (abs)        000F14
_TXB1SIDH                                       (abs)        000F11
_TXB1SIDL                                       (abs)        000F12
_TXB2CONbits                                    (abs)        000F00
_TXB2D0                                         (abs)        000F06
_TXB2D1                                         (abs)        000F07
_TXB2D2                                         (abs)        000F08
_TXB2D3                                         (abs)        000F09
_TXB2D4                                         (abs)        000F0A
_TXB2D5                                         (abs)        000F0B
_TXB2D6                                         (abs)        000F0C
_TXB2D7                                         (abs)        000F0D
_TXB2DLC                                        (abs)        000F05
_TXB2EIDH                                       (abs)        000F03
_TXB2EIDL                                       (abs)        000F04
_TXB2SIDH                                       (abs)        000F01
_TXB2SIDL                                       (abs)        000F02
_TXREG1                                         (abs)        000FAD
_TXSTA1                                         (abs)        000FAC
_TXSTA1bits                                     (abs)        000FAC
_UNLOCK_Data                                    bssCOMRAM    00003D
_WPUB                                           (abs)        000F5B
_WakeUpDefaultInterruptHandler                  text41       0018C2
_WakeUpInterruptHandler                         bssCOMRAM    00000A
__HRAM                                          (abs)        000000
__H__absolute__                                 __absolute__ 000000
__Habs1                                         abs1         000000
__Hbank0                                        bank0        000000
__Hbank1                                        bank1        000000
__Hbank10                                       bank10       000000
__Hbank11                                       bank11       000000
__Hbank12                                       bank12       000000
__Hbank13                                       bank13       000000
__Hbank14                                       bank14       000000
__Hbank2                                        bank2        000000
__Hbank3                                        bank3        000000
__Hbank4                                        bank4        000000
__Hbank5                                        bank5        000000
__Hbank6                                        bank6        000000
__Hbank7                                        bank7        000000
__Hbank8                                        bank8        000000
__Hbank9                                        bank9        000000
__Hbigbss                                       bigbss       000000
__Hbigdata                                      bigdata      000000
__Hbigram                                       bigram       000000
__Hbigsfr                                       bigsfr       000000
__Hbss                                          bss          000000
__HbssBANK0                                     bssBANK0     000000
__HbssCOMRAM                                    bssCOMRAM    000000
__Hcinit                                        cinit        000000
__Hclrtext                                      clrtext      000000
__Hcomram                                       comram       000000
__Hconfig                                       config       30000E
__Hconst                                        const        000000
__HcstackBANK0                                  cstackBANK0  000000
__HcstackCOMRAM                                 cstackCOMRAM 000000
__Hdata                                         data         000000
__HdataCOMRAM                                   dataCOMRAM   000000
__Heeprom_data                                  eeprom_data  000000
__Hfarbss                                       farbss       000000
__Hfardata                                      fardata      000000
__Hheap                                         heap         000000
__Hibigdata                                     ibigdata     000000
__Hidata                                        idata        000000
__HidataCOMRAM                                  idataCOMRAM  000000
__Hidloc                                        idloc        000000
__Hifardata                                     ifardata     000000
__Hinit                                         init         000128
__Hintcode                                      intcode      000124
__Hintcode_body                                 intcode_body 000000
__Hintcodelo                                    intcodelo    000018
__Hintentry                                     intentry     000000
__Hintret                                       intret       000000
__Hintsave_regs                                 intsave_regs 000000
__Hirdata                                       irdata       000000
__Hmediumconst                                  mediumconst  000000
__HnvBANK0                                      nvBANK0      000000
__HnvCOMRAM                                     nvCOMRAM     000000
__HnvFARRAM                                     nvFARRAM     000000
__Hnvbit                                        nvbit        000000
__Hnvrram                                       nvrram       000000
__Hparam                                        rparam       000000
__Hpowerup                                      powerup      000000
__Hram                                          ram          000000
__Hramtop                                       ramtop       001000
__Hrbit                                         rbit         000000
__Hrbss                                         rbss         000000
__Hrdata                                        rdata        000000
__Hreset_vec                                    reset_vec    000006
__Hrparam                                       rparam       000000
__Hsfr                                          sfr          000000
__Hsivt_hi                                      sivt_hi      000000
__Hsivt_lo                                      sivt_lo      000018
__Hsmallconst                                   smallconst   001014
__Hspace_0                                      (abs)        0018C5
__Hspace_1                                      (abs)        000088
__Hspace_2                                      (abs)        000000
__Hspace_4                                      (abs)        60000E
__Hstack                                        stack        000000
__Hstruct                                       struct       000000
__Htemp                                         temp         000000
__Htext                                         text         000000
__Htext0                                        text0        000000
__Htext1                                        text1        000000
__Htext10                                       text10       000000
__Htext11                                       text11       000000
__Htext12                                       text12       000000
__Htext13                                       text13       000000
__Htext14                                       text14       000000
__Htext15                                       text15       000000
__Htext16                                       text16       000000
__Htext17                                       text17       000000
__Htext18                                       text18       000000
__Htext19                                       text19       000000
__Htext2                                        text2        000000
__Htext20                                       text20       000000
__Htext21                                       text21       000000
__Htext22                                       text22       000000
__Htext24                                       text24       000000
__Htext25                                       text25       000000
__Htext26                                       text26       000000
__Htext27                                       text27       000000
__Htext28                                       text28       000000
__Htext29                                       text29       000000
__Htext3                                        text3        000000
__Htext30                                       text30       000000
__Htext31                                       text31       000000
__Htext32                                       text32       000000
__Htext33                                       text33       000000
__Htext34                                       text34       000000
__Htext35                                       text35       000000
__Htext36                                       text36       000000
__Htext37                                       text37       000000
__Htext38                                       text38       000000
__Htext39                                       text39       000000
__Htext4                                        text4        000000
__Htext40                                       text40       000000
__Htext41                                       text41       000000
__Htext5                                        text5        000000
__Htext6                                        text6        000000
__Htext7                                        text7        000000
__Htext8                                        text8        000000
__Htext9                                        text9        000000
__LRAM                                          (abs)        000001
__L__absolute__                                 __absolute__ 000000
__Labs1                                         abs1         000000
__Lbank0                                        bank0        000000
__Lbank1                                        bank1        000000
__Lbank10                                       bank10       000000
__Lbank11                                       bank11       000000
__Lbank12                                       bank12       000000
__Lbank13                                       bank13       000000
__Lbank14                                       bank14       000000
__Lbank2                                        bank2        000000
__Lbank3                                        bank3        000000
__Lbank4                                        bank4        000000
__Lbank5                                        bank5        000000
__Lbank6                                        bank6        000000
__Lbank7                                        bank7        000000
__Lbank8                                        bank8        000000
__Lbank9                                        bank9        000000
__Lbigbss                                       bigbss       000000
__Lbigdata                                      bigdata      000000
__Lbigram                                       bigram       000000
__Lbigsfr                                       bigsfr       000000
__Lbss                                          bss          000000
__LbssBANK0                                     bssBANK0     000000
__LbssCOMRAM                                    bssCOMRAM    000000
__Lcinit                                        cinit        000000
__Lclrtext                                      clrtext      000000
__Lcomram                                       comram       000000
__Lconfig                                       config       000000
__Lconst                                        const        000000
__LcstackBANK0                                  cstackBANK0  000000
__LcstackCOMRAM                                 cstackCOMRAM 000000
__Ldata                                         data         000000
__LdataCOMRAM                                   dataCOMRAM   000000
__Leeprom_data                                  eeprom_data  000000
__Lfarbss                                       farbss       000000
__Lfardata                                      fardata      000000
__Lheap                                         heap         000000
__Libigdata                                     ibigdata     000000
__Lidata                                        idata        000000
__LidataCOMRAM                                  idataCOMRAM  000000
__Lidloc                                        idloc        000000
__Lifardata                                     ifardata     000000
__Linit                                         init         000124
__Lintcode                                      intcode      000008
__Lintcode_body                                 intcode_body 000000
__Lintcodelo                                    intcodelo    000018
__Lintentry                                     intentry     000000
__Lintret                                       intret       000000
__Lintsave_regs                                 intsave_regs 000000
__Lirdata                                       irdata       000000
__Lmediumconst                                  mediumconst  000000
__LnvBANK0                                      nvBANK0      000000
__LnvCOMRAM                                     nvCOMRAM     000000
__LnvFARRAM                                     nvFARRAM     000000
__Lnvbit                                        nvbit        000000
__Lnvrram                                       nvrram       000000
__Lparam                                        rparam       000000
__Lpowerup                                      powerup      000000
__Lram                                          ram          000000
__Lramtop                                       ramtop       001000
__Lrbit                                         rbit         000000
__Lrbss                                         rbss         000000
__Lrdata                                        rdata        000000
__Lreset_vec                                    reset_vec    000000
__Lrparam                                       rparam       000000
__Lsfr                                          sfr          000000
__Lsivt_hi                                      sivt_hi      000000
__Lsivt_lo                                      sivt_lo      000018
__Lsmallconst                                   smallconst   001000
__Lspace_0                                      (abs)        000000
__Lspace_1                                      (abs)        000000
__Lspace_2                                      (abs)        000000
__Lspace_4                                      (abs)        000000
__Lstack                                        stack        000000
__Lstruct                                       struct       000000
__Ltemp                                         temp         000000
__Ltext                                         text         000000
__Ltext0                                        text0        000000
__Ltext1                                        text1        000000
__Ltext10                                       text10       000000
__Ltext11                                       text11       000000
__Ltext12                                       text12       000000
__Ltext13                                       text13       000000
__Ltext14                                       text14       000000
__Ltext15                                       text15       000000
__Ltext16                                       text16       000000
__Ltext17                                       text17       000000
__Ltext18                                       text18       000000
__Ltext19                                       text19       000000
__Ltext2                                        text2        000000
__Ltext20                                       text20       000000
__Ltext21                                       text21       000000
__Ltext22                                       text22       000000
__Ltext24                                       text24       000000
__Ltext25                                       text25       000000
__Ltext26                                       text26       000000
__Ltext27                                       text27       000000
__Ltext28                                       text28       000000
__Ltext29                                       text29       000000
__Ltext3                                        text3        000000
__Ltext30                                       text30       000000
__Ltext31                                       text31       000000
__Ltext32                                       text32       000000
__Ltext33                                       text33       000000
__Ltext34                                       text34       000000
__Ltext35                                       text35       000000
__Ltext36                                       text36       000000
__Ltext37                                       text37       000000
__Ltext38                                       text38       000000
__Ltext39                                       text39       000000
__Ltext4                                        text4        000000
__Ltext40                                       text40       000000
__Ltext41                                       text41       000000
__Ltext5                                        text5        000000
__Ltext6                                        text6        000000
__Ltext7                                        text7        000000
__Ltext8                                        text8        000000
__Ltext9                                        text9        000000
__S0                                            (abs)        0018C5
__S1                                            (abs)        000088
__S4                                            (abs)        000000
__S5                                            (abs)        000000
___heap_hi                                      (abs)        000000
___heap_lo                                      (abs)        000000
___inthi_sp                                     stack        000000
___inthi_stack_hi                               stack        000000
___inthi_stack_lo                               stack        000000
___intlo_sp                                     stack        000000
___intlo_stack_hi                               stack        000000
___intlo_stack_lo                               stack        000000
___param_bank                                   (abs)        000000
___rparam_used                                  (abs)        000001
___sp                                           stack        000000
___stack_hi                                     stack        000000
___stack_lo                                     stack        000000
__accesstop                                     (abs)        000060
__activetblptr                                  (abs)        000002
__end_of_ADC_Initialize                         text22       001836
__end_of_ECAN_Initialize                        text20       0014DA
__end_of_ECAN_SetWakeUpInterruptHandler         text21       001894
__end_of_ECAN_WAKI_ISR                          text40       001800
__end_of_ECCP1_Initialize                       text19       00189C
__end_of_EUSART1_DefaultErrorHandler            text38       0018BA
__end_of_EUSART1_DefaultFramingErrorHandler     text37       0018C2
__end_of_EUSART1_DefaultOverrunErrorHandler     text36       0018B4
__end_of_EUSART1_Initialize                     text13       00154A
__end_of_EUSART1_Receive_ISR                    text35       001442
__end_of_EUSART1_RxDataHandler                  text39       00177E
__end_of_EUSART1_SetErrorHandler                text18       00188A
__end_of_EUSART1_SetFramingErrorHandler         text17       001880
__end_of_EUSART1_SetOverrunErrorHandler         text16       001876
__end_of_EUSART1_SetRxInterruptHandler          text15       00186C
__end_of_EUSART1_SetTxInterruptHandler          text14       001862
__end_of_EUSART1_Transmit_ISR                   text34       001670
__end_of_INTERRUPT_Initialize                   text12       0018BE
__end_of_INTERRUPT_InterruptManager             intcode      000124
__end_of_LIN_Master_Initialize                  text6        001816
__end_of_LIN_calcParity                         text33       00119E
__end_of_LIN_getChecksum                        text32       0015A4
__end_of_LIN_init                               text7        0017E4
__end_of_LIN_queuePacket                        text29       0012E6
__end_of_LIN_sendPeriodicTx                     text28       001398
__end_of_LIN_setTimerHandler                    text10       001826
__end_of_LIN_startPeriod                        text9        0018A8
__end_of_LIN_stopTimer                          text8        0018A2
__end_of_LIN_timerHandler                       text25       0015F6
__end_of_OSCILLATOR_Initialize                  text5        00184E
__end_of_PIN_MANAGER_Initialize                 text4        0017C2
__end_of_SYSTEM_Initialize                      text1        001734
__end_of_TMR0_DefaultInterruptHandler           text26       0018C0
__end_of_TMR0_ISR                               text24       0016DA
__end_of_TMR0_Initialize                        text3        0017A0
__end_of_TMR0_SetInterruptHandler               text11       001858
__end_of_TMR1_Initialize                        text2        00175A
__end_of_WakeUpDefaultInterruptHandler          text41       0018C4
__end_of__initialization                        cinit        00169A
__end_of_main                                   text0        001842
__end_of_memcpy                                 text31       001636
__end_of_memset                                 text30       00170A
__end_of_scheduleTable                          smallconst   001013
__end_ofi2_LIN_stopTimer                        text27       0018AE
__initialization                                cinit        001670
__mediumconst                                   smallconst   001000
__pbssBANK0                                     bssBANK0     000060
__pbssCOMRAM                                    bssCOMRAM    000002
__pcinit                                        cinit        001670
__pcstackBANK0                                  cstackBANK0  000082
__pcstackCOMRAM                                 cstackCOMRAM 00003E
__pdataCOMRAM                                   dataCOMRAM   000058
__pidataCOMRAM                                  idataCOMRAM  0018C4
__pintcode                                      intcode      000008
__pnvBANK0                                      nvBANK0      000078
__pnvCOMRAM                                     nvCOMRAM     000056
__psmallconst                                   smallconst   001000
__ptext0                                        text0        001836
__ptext1                                        text1        00170A
__ptext10                                       text10       001816
__ptext11                                       text11       00184E
__ptext12                                       text12       0018BA
__ptext13                                       text13       0014DA
__ptext14                                       text14       001858
__ptext15                                       text15       001862
__ptext16                                       text16       00186C
__ptext17                                       text17       001876
__ptext18                                       text18       001880
__ptext19                                       text19       001894
__ptext2                                        text2        001734
__ptext20                                       text20       001442
__ptext21                                       text21       00188A
__ptext22                                       text22       001826
__ptext24                                       text24       0016A8
__ptext25                                       text25       0015A4
__ptext26                                       text26       0018BE
__ptext27                                       text27       0018A8
__ptext28                                       text28       0012E6
__ptext29                                       text29       00119E
__ptext3                                        text3        00177E
__ptext30                                       text30       0016DA
__ptext31                                       text31       0015F6
__ptext32                                       text32       00154A
__ptext33                                       text33       001014
__ptext34                                       text34       001636
__ptext35                                       text35       001398
__ptext36                                       text36       0018AE
__ptext37                                       text37       0018C0
__ptext38                                       text38       0018B4
__ptext39                                       text39       00175A
__ptext4                                        text4        0017A0
__ptext40                                       text40       0017E4
__ptext41                                       text41       0018C2
__ptext5                                        text5        001842
__ptext6                                        text6        001800
__ptext7                                        text7        0017C2
__ptext8                                        text8        00189C
__ptext9                                        text9        0018A2
__ramtop                                        ramtop       001000
__smallconst                                    smallconst   001000
_eusart1RxBuffer                                bssBANK0     000060
_eusart1RxCount                                 bssCOMRAM    000013
_eusart1RxHead                                  bssCOMRAM    000015
_eusart1RxLastError                             bssCOMRAM    000012
_eusart1RxStatusBuffer                          bssCOMRAM    000002
_eusart1RxTail                                  bssCOMRAM    000014
_eusart1TxBuffer                                bssBANK0     000068
_eusart1TxBufferRemaining                       bssCOMRAM    000016
_eusart1TxHead                                  bssCOMRAM    000018
_eusart1TxTail                                  bssCOMRAM    000017
_main                                           text0        001836
_memcpy                                         text31       0015F6
_memset                                         text30       0016DA
_processLIN                                     (abs)        000000
_schedule                                       bssCOMRAM    000023
_scheduleLength                                 bssCOMRAM    000022
_scheduleTable                                  smallconst   001001
_timer0ReloadVal                                bssCOMRAM    000019
_timer1ReloadVal                                bssCOMRAM    00000C
btemp                                           (abs)        000001
btemp0                                          (abs)        000001
btemp1                                          (abs)        000002
end_of_initialization                           cinit        00169A
i2_LIN_stopTimer                                text27       0018A8
int$flags                                       (abs)        000001
intlevel0                                       text         000000
intlevel1                                       text         000000
intlevel2                                       text         000000
intlevel3                                       text         000000
isa$std                                         (abs)        000001
isa$xinst                                       (abs)        000000
memcpy@d                                        cstackCOMRAM 000043
memcpy@d1                                       cstackCOMRAM 00003E
memcpy@n                                        cstackCOMRAM 000040
memcpy@s                                        cstackCOMRAM 000044
memcpy@s1                                       cstackCOMRAM 00003F
memcpy@tmp                                      cstackCOMRAM 000042
memset@c                                        cstackCOMRAM 00003F
memset@dest                                     cstackCOMRAM 00003E
memset@n                                        cstackCOMRAM 000041
memset@p                                        cstackCOMRAM 000043
stackhi                                         (abs)        000000
stacklo                                         (abs)        000000
start                                           init         000124
start_initialization                            cinit        001670


MODULE INFORMATION

Module		Function		Class		Link	Load	Size
mcc_generated_files/eccp1.c
		_ECCP1_Initialize		CODE           	1894	0000	8

mcc_generated_files/eccp1.c estimated size: 8

/opt/microchip/xc8/v3.10/pic/sources/c99/common/memset.c
		_memset        		CODE           	16DA	0000	48

/opt/microchip/xc8/v3.10/pic/sources/c99/common/memset.c estimated size: 48

mcc_generated_files/LINDrivers/lin_master.c
		_LIN_init      		CODE           	17C2	0000	34
		_LIN_stopTimer 		CODE           	189C	0000	6
		_LIN_timerHandler		CODE           	15A4	0000	82
		_LIN_setTimerHandler		CODE           	1816	0000	16
		_LIN_queuePacket		CODE           	119E	0000	328
		_LIN_sendPeriodicTx		CODE           	12E6	0000	178
		_LIN_getChecksum		CODE           	154A	0000	90
		_LIN_startPeriod		CODE           	18A2	0000	6
		_LIN_calcParity		CODE           	1014	0000	394

mcc_generated_files/LINDrivers/lin_master.c estimated size: 1134

mcc_generated_files/interrupt_manager.c
		_INTERRUPT_Initialize		CODE           	18BA	0000	4
		_INTERRUPT_InterruptManager		CODE           	0008	0000	284

mcc_generated_files/interrupt_manager.c estimated size: 288

mcc_generated_files/tmr0.c
		_TMR0_SetInterruptHandler		CODE           	184E	0000	10
		_TMR0_DefaultInterruptHandler		CODE           	18BE	0000	2
		_TMR0_ISR      		CODE           	16A8	0000	50
		_TMR0_Initialize		CODE           	177E	0000	34

mcc_generated_files/tmr0.c estimated size: 96

mcc_generated_files/pin_manager.c
		_PIN_MANAGER_Initialize		CODE           	17A0	0000	34

mcc_generated_files/pin_manager.c estimated size: 34

/opt/microchip/xc8/v3.10/pic/sources/c99/common/memcpy.c
		_memcpy        		CODE           	15F6	0000	64

/opt/microchip/xc8/v3.10/pic/sources/c99/common/memcpy.c estimated size: 64

mcc_generated_files/adc.c
		_ADC_Initialize		CODE           	1826	0000	16

mcc_generated_files/adc.c estimated size: 16

mcc_generated_files/ecan.c
		_ECAN_SetWakeUpInterruptHandler		CODE           	188A	0000	10
		_ECAN_Initialize		CODE           	1442	0000	152
		_WakeUpDefaultInterruptHandler		CODE           	18C2	0000	2
		_ECAN_WAKI_ISR 		CODE           	17E4	0000	28

mcc_generated_files/ecan.c estimated size: 192

shared
		i2_LIN_stopTimer		CODE           	18A8	0000	6
		_scheduleTable 		SMALLCONST     	1001	0000	18
		__initialization		CODE           	1670	0000	42

shared estimated size: 66

mcc_generated_files/eusart1.c
		_EUSART1_SetRxInterruptHandler		CODE           	1862	0000	10
		_EUSART1_SetTxInterruptHandler		CODE           	1858	0000	10
		_EUSART1_Initialize		CODE           	14DA	0000	112
		_EUSART1_DefaultErrorHandler		CODE           	18B4	0000	6
		_EUSART1_SetFramingErrorHandler		CODE           	1876	0000	10
		_EUSART1_SetOverrunErrorHandler		CODE           	186C	0000	10
		_EUSART1_SetErrorHandler		CODE           	1880	0000	10
		_EUSART1_Receive_ISR		CODE           	1398	0000	170
		_EUSART1_RxDataHandler		CODE           	175A	0000	36
		_EUSART1_DefaultOverrunErrorHandler		CODE           	18AE	0000	6
		_EUSART1_Transmit_ISR		CODE           	1636	0000	58
		_EUSART1_DefaultFramingErrorHandler		CODE           	18C0	0000	2

mcc_generated_files/eusart1.c estimated size: 440

mcc_generated_files/mcc.c
		_OSCILLATOR_Initialize		CODE           	1842	0000	12
		_SYSTEM_Initialize		CODE           	170A	0000	42

mcc_generated_files/mcc.c estimated size: 54

mcc_generated_files/tmr1.c
		_TMR1_Initialize		CODE           	1734	0000	38

mcc_generated_files/tmr1.c estimated size: 38

mcc_generated_files/LINDrivers/lin_app.c
		_LIN_Master_Initialize		CODE           	1800	0000	22

mcc_generated_files/LINDrivers/lin_app.c estimated size: 22

main.c
		_main          		CODE           	1836	0000	12

main.c estimated size: 12

